INFO:  latexindent version 3.23.6, 2024-01-17, a script to indent .tex files
       latexindent lives here: /usr/share/texlive/texmf-dist/scripts/latexindent/
       Thu Oct  8 00:00:56 2026
       Filename: slides
INFO:  Processing switches:
       -w|--overwrite: Overwrite mode active, will make a back up before overwriting
       -g|--logfile: logfile name
       -c|--cruft: cruft directory
INFO:  Directory for backup files and slides/indent.log:
       slides
INFO:  YAML settings read: defaultSettings.yaml
       Reading defaultSettings.yaml from /usr/share/texlive/texmf-dist/scripts/latexindent/defaultSettings.yaml
INFO:  YAML reading settings
       Home directory is /home/jannetta
       latexindent.pl didn't find indentconfig.yaml or .indentconfig.yaml
       see all possible locations: https://latexindentpl.readthedocs.io/en/latest/sec-appendices.html#indentconfig-options)
INFO:  File extension work:
       latexindent called to act upon slides without a file extension;
       searching for files in the following order (see fileExtensionPreference):
       slides.tex
       slides.sty
       slides.cls
       slides.bib
       slides.tex found!
       Updated fileName to slides.tex
INFO:  Backup procedure (-w flag active):
       slides/slides.bak0 already exists, incrementing by 1 (see maxNumberOfBackUps)
       Backing up slides.tex to slides/slides.bak1...
       slides.tex will be overwritten after indentation
INFO:  Phase 1: searching for objects
INFO:  Phase 2: finding surrounding indentation
INFO:  Phase 3: indenting objects
INFO:  Phase 4: final indentation check
INFO:  Output routine:
       Overwriting file slides.tex
       --------------
INFO:  Please direct all communication/issues to:
        https://github.com/cmhughes/latexindent.pl
